integer add: ok
integer sub: ok
integer mul: ok
integer div: ok
integer div (reminder): ok
integer mod: ok
integer mod (reminder): ok
integer minus: ok
integer not: ok
integer eq: ok
integer eq (false): ok
integer ne: ok
integer ne (false): ok
integer gt: ok
integer gt (false): ok
integer gte: ok
integer gte (eq): ok
integer gt (false): ok
integer lt: ok
integer lt (false): ok
integer lte: ok
integer lte (eq): ok
integer lte (false): ok
integer and: ok
integer and: ok
integer and: ok
integer or: ok
integer or: ok
integer or: ok
integer or: ok
float add: ok
float sub: ok
float mul: ok
float div: ok
float div (reminder): ok
float minus: ok
float eq: ok
float eq (false): ok
float ne: ok
float ne (false): ok
float gt: ok
float gt (false): ok
float gte: ok
float gte (eq): ok
float gt (false): ok
float lt: ok
float lt (false): ok
float lte: ok
float lte (eq): ok
float lte (false): ok
float comparison limit: ok
float comparison limit: ok
string add: ok
string eq: ok
string eq (false): ok
string ne: ok
string ne (false): ok
not empty string: ok
empty string (not): ok
string gt: ok
string gt (false): ok
string gte: ok
string gte (eq): ok
string gt (false): ok
string lt: ok
string lt (false): ok
string lte: ok
string lte (eq): ok
string lte (false): ok
69 test(s) passed
